// Jest Snapshot v1, https://goo.gl/fbAQLP

exports[`RepoContainer group Test RepoContainer: snapshot test 1`] = `
<div
  className="sc-ifAKCX dMxYvZ"
>
  <div
    className="ReactTable sc-bxivhb dtKShY"
    style={Object {}}
  >
    <div
      className="rt-table"
      role="grid"
      style={undefined}
    >
      <div
        className="rt-thead -header"
        style={
          Object {
            "minWidth": "500px",
          }
        }
      >
        <div
          className="rt-tr"
          role="row"
          style={undefined}
        >
          <div
            className="rt-th  rt-resizable-header -cursor-pointer"
            onClick={[Function]}
            role="columnheader"
            style={
              Object {
                "flex": "100 0 auto",
                "maxWidth": null,
                "width": "100px",
              }
            }
            tabIndex="-1"
          >
            <div
              className="rt-resizable-header-content"
            >
              ID
            </div>
            <div
              className="rt-resizer"
              onMouseDown={[Function]}
              onTouchStart={[Function]}
            />
          </div>
          <div
            className="rt-th  rt-resizable-header -cursor-pointer"
            onClick={[Function]}
            role="columnheader"
            style={
              Object {
                "flex": "100 0 auto",
                "maxWidth": null,
                "width": "100px",
              }
            }
            tabIndex="-1"
          >
            <div
              className="rt-resizable-header-content"
            >
              Repo Title
            </div>
            <div
              className="rt-resizer"
              onMouseDown={[Function]}
              onTouchStart={[Function]}
            />
          </div>
          <div
            className="rt-th  rt-resizable-header -cursor-pointer"
            onClick={[Function]}
            role="columnheader"
            style={
              Object {
                "flex": "100 0 auto",
                "maxWidth": null,
                "width": "100px",
              }
            }
            tabIndex="-1"
          >
            <div
              className="rt-resizable-header-content"
            >
              Owner
            </div>
            <div
              className="rt-resizer"
              onMouseDown={[Function]}
              onTouchStart={[Function]}
            />
          </div>
          <div
            className="rt-th  rt-resizable-header -cursor-pointer"
            onClick={[Function]}
            role="columnheader"
            style={
              Object {
                "flex": "100 0 auto",
                "maxWidth": null,
                "width": "100px",
              }
            }
            tabIndex="-1"
          >
            <div
              className="rt-resizable-header-content"
            >
              Stars
            </div>
            <div
              className="rt-resizer"
              onMouseDown={[Function]}
              onTouchStart={[Function]}
            />
          </div>
          <div
            className="rt-th  rt-resizable-header -cursor-pointer"
            onClick={[Function]}
            role="columnheader"
            style={
              Object {
                "flex": "100 0 auto",
                "maxWidth": null,
                "width": "100px",
              }
            }
            tabIndex="-1"
          >
            <div
              className="rt-resizable-header-content"
            >
              Created
            </div>
            <div
              className="rt-resizer"
              onMouseDown={[Function]}
              onTouchStart={[Function]}
            />
          </div>
        </div>
      </div>
      <div
        className="rt-tbody"
        style={
          Object {
            "minWidth": "500px",
          }
        }
      >
        <div
          className="rt-tr-group"
          role="rowgroup"
        >
          <div
            className="rt-tr -padRow -odd"
            role="row"
            style={Object {}}
          >
            <div
              className="rt-td"
              role="gridcell"
              style={
                Object {
                  "flex": "100 0 auto",
                  "maxWidth": null,
                  "width": "100px",
                }
              }
            >
              <span>
                 
              </span>
            </div>
            <div
              className="rt-td"
              role="gridcell"
              style={
                Object {
                  "flex": "100 0 auto",
                  "maxWidth": null,
                  "width": "100px",
                }
              }
            >
              <span>
                 
              </span>
            </div>
            <div
              className="rt-td"
              role="gridcell"
              style={
                Object {
                  "flex": "100 0 auto",
                  "maxWidth": null,
                  "width": "100px",
                }
              }
            >
              <span>
                 
              </span>
            </div>
            <div
              className="rt-td"
              role="gridcell"
              style={
                Object {
                  "flex": "100 0 auto",
                  "maxWidth": null,
                  "width": "100px",
                }
              }
            >
              <span>
                 
              </span>
            </div>
            <div
              className="rt-td"
              role="gridcell"
              style={
                Object {
                  "flex": "100 0 auto",
                  "maxWidth": null,
                  "width": "100px",
                }
              }
            >
              <span>
                 
              </span>
            </div>
          </div>
        </div>
        <div
          className="rt-tr-group"
          role="rowgroup"
        >
          <div
            className="rt-tr -padRow -even"
            role="row"
            style={Object {}}
          >
            <div
              className="rt-td"
              role="gridcell"
              style={
                Object {
                  "flex": "100 0 auto",
                  "maxWidth": null,
                  "width": "100px",
                }
              }
            >
              <span>
                 
              </span>
            </div>
            <div
              className="rt-td"
              role="gridcell"
              style={
                Object {
                  "flex": "100 0 auto",
                  "maxWidth": null,
                  "width": "100px",
                }
              }
            >
              <span>
                 
              </span>
            </div>
            <div
              className="rt-td"
              role="gridcell"
              style={
                Object {
                  "flex": "100 0 auto",
                  "maxWidth": null,
                  "width": "100px",
                }
              }
            >
              <span>
                 
              </span>
            </div>
            <div
              className="rt-td"
              role="gridcell"
              style={
                Object {
                  "flex": "100 0 auto",
                  "maxWidth": null,
                  "width": "100px",
                }
              }
            >
              <span>
                 
              </span>
            </div>
            <div
              className="rt-td"
              role="gridcell"
              style={
                Object {
                  "flex": "100 0 auto",
                  "maxWidth": null,
                  "width": "100px",
                }
              }
            >
              <span>
                 
              </span>
            </div>
          </div>
        </div>
        <div
          className="rt-tr-group"
          role="rowgroup"
        >
          <div
            className="rt-tr -padRow -odd"
            role="row"
            style={Object {}}
          >
            <div
              className="rt-td"
              role="gridcell"
              style={
                Object {
                  "flex": "100 0 auto",
                  "maxWidth": null,
                  "width": "100px",
                }
              }
            >
              <span>
                 
              </span>
            </div>
            <div
              className="rt-td"
              role="gridcell"
              style={
                Object {
                  "flex": "100 0 auto",
                  "maxWidth": null,
                  "width": "100px",
                }
              }
            >
              <span>
                 
              </span>
            </div>
            <div
              className="rt-td"
              role="gridcell"
              style={
                Object {
                  "flex": "100 0 auto",
                  "maxWidth": null,
                  "width": "100px",
                }
              }
            >
              <span>
                 
              </span>
            </div>
            <div
              className="rt-td"
              role="gridcell"
              style={
                Object {
                  "flex": "100 0 auto",
                  "maxWidth": null,
                  "width": "100px",
                }
              }
            >
              <span>
                 
              </span>
            </div>
            <div
              className="rt-td"
              role="gridcell"
              style={
                Object {
                  "flex": "100 0 auto",
                  "maxWidth": null,
                  "width": "100px",
                }
              }
            >
              <span>
                 
              </span>
            </div>
          </div>
        </div>
        <div
          className="rt-tr-group"
          role="rowgroup"
        >
          <div
            className="rt-tr -padRow -even"
            role="row"
            style={Object {}}
          >
            <div
              className="rt-td"
              role="gridcell"
              style={
                Object {
                  "flex": "100 0 auto",
                  "maxWidth": null,
                  "width": "100px",
                }
              }
            >
              <span>
                 
              </span>
            </div>
            <div
              className="rt-td"
              role="gridcell"
              style={
                Object {
                  "flex": "100 0 auto",
                  "maxWidth": null,
                  "width": "100px",
                }
              }
            >
              <span>
                 
              </span>
            </div>
            <div
              className="rt-td"
              role="gridcell"
              style={
                Object {
                  "flex": "100 0 auto",
                  "maxWidth": null,
                  "width": "100px",
                }
              }
            >
              <span>
                 
              </span>
            </div>
            <div
              className="rt-td"
              role="gridcell"
              style={
                Object {
                  "flex": "100 0 auto",
                  "maxWidth": null,
                  "width": "100px",
                }
              }
            >
              <span>
                 
              </span>
            </div>
            <div
              className="rt-td"
              role="gridcell"
              style={
                Object {
                  "flex": "100 0 auto",
                  "maxWidth": null,
                  "width": "100px",
                }
              }
            >
              <span>
                 
              </span>
            </div>
          </div>
        </div>
        <div
          className="rt-tr-group"
          role="rowgroup"
        >
          <div
            className="rt-tr -padRow -odd"
            role="row"
            style={Object {}}
          >
            <div
              className="rt-td"
              role="gridcell"
              style={
                Object {
                  "flex": "100 0 auto",
                  "maxWidth": null,
                  "width": "100px",
                }
              }
            >
              <span>
                 
              </span>
            </div>
            <div
              className="rt-td"
              role="gridcell"
              style={
                Object {
                  "flex": "100 0 auto",
                  "maxWidth": null,
                  "width": "100px",
                }
              }
            >
              <span>
                 
              </span>
            </div>
            <div
              className="rt-td"
              role="gridcell"
              style={
                Object {
                  "flex": "100 0 auto",
                  "maxWidth": null,
                  "width": "100px",
                }
              }
            >
              <span>
                 
              </span>
            </div>
            <div
              className="rt-td"
              role="gridcell"
              style={
                Object {
                  "flex": "100 0 auto",
                  "maxWidth": null,
                  "width": "100px",
                }
              }
            >
              <span>
                 
              </span>
            </div>
            <div
              className="rt-td"
              role="gridcell"
              style={
                Object {
                  "flex": "100 0 auto",
                  "maxWidth": null,
                  "width": "100px",
                }
              }
            >
              <span>
                 
              </span>
            </div>
          </div>
        </div>
      </div>
    </div>
    <div
      className="rt-noData"
    >
      No rows found
    </div>
    <div
      className="-loading"
    >
      <div
        className="-loading-inner"
      >
        Loading...
      </div>
    </div>
  </div>
  <div
    className="sc-bwzfXH hbVBfZ"
  >
    <button
      className="waves-effect waves-light btn-small sc-htpNat iKiwZL"
      disabled={true}
      onClick={[Function]}
    >
      Previous
    </button>
    <div
      className="input-field"
    >
      <select
        className="sc-bdVaJa kZAgjJ"
        onChange={[Function]}
      >
        <option
          value={5}
        >
          Rows to Display
           
          5
        </option>
        <option
          value={10}
        >
          Rows to Display
           
          10
        </option>
        <option
          value={15}
        >
          Rows to Display
           
          15
        </option>
        <option
          value={20}
        >
          Rows to Display
           
          20
        </option>
      </select>
    </div>
    <button
      className="waves-effect waves-light btn-small sc-htpNat iKiwZL"
      disabled={true}
      onClick={[Function]}
    >
      Next
    </button>
  </div>
</div>
`;
